// Jest Snapshot v1, https://goo.gl/fbAQLP

exports[`matches the snapshot 1`] = `
<p
  className="animate animate__fadeIn "
  data-testid="animate-element"
  style={
    {
      "animationDuration": "1000ms",
    }
  }
>
  Animated Text
</p>
`;
